#
# There is insufficient memory for the Java Runtime Environment to continue.
# Native memory allocation (mmap) failed to map 1065353216 bytes. Error detail: G1 virtual space
# Possible reasons:
#   The system is out of physical RAM or swap space
#   This process is running with CompressedOops enabled, and the Java Heap may be blocking the growth of the native heap
# Possible solutions:
#   Reduce memory load on the system
#   Increase physical memory or swap space
#   Check if swap backing store is full
#   Decrease Java heap size (-Xmx/-Xms)
#   Decrease number of Java threads
#   Decrease Java thread stack sizes (-Xss)
#   Set larger code cache with -XX:ReservedCodeCacheSize=
#   JVM is running with Zero Based Compressed Oops mode in which the Java heap is
#     placed in the first 32GB address space. The Java Heap base address is the
#     maximum limit for the native heap growth. Please use -XX:HeapBaseMinAddress
#     to set the Java Heap base and to place the Java Heap above 32GB virtual address.
# This output file may be truncated or incomplete.
#
#  Out of Memory Error (os_windows.cpp:3766), pid=33560, tid=52016
#
# JRE version:  (25.0.3+9) (build )
# Java VM: OpenJDK 64-Bit Server VM (25.0.3+9-b508.16, mixed mode, sharing, tiered, compressed oops, compressed class ptrs, g1 gc, windows-amd64)
# No core dump will be written. Minidumps are not enabled by default on client versions of Windows
#

---------------  S U M M A R Y ------------

Command Line: externalApp.nativessh.NativeSshAskPassApp Enter passphrase for key '/c/Users/Matteo Di Rollo/.ssh/id_ed25519': 

Host: AMD Ryzen 9 7900X 12-Core Processor            , 24 cores, 63G,  Windows 11 , 64 bit Build 26100 (10.0.26100.8972)
Time: Thu Aug  6 14:48:58 2026 W. Europe Daylight Time elapsed time: 2.042306 seconds (0d 0h 0m 2s)

---------------  T H R E A D  ---------------

Current thread (0x00000226e16ba0a0):  JavaThread "Unknown thread" [_thread_in_vm, id=52016, stack(0x000000defa500000,0x000000defa600000) (1024K)]

Stack: [0x000000defa500000,0x000000defa600000]
Native frames: (J=compiled Java code, j=interpreted, Vv=VM code, C=native code)
V  [jvm.dll+0x7c2949]  (no source info available)
V  [jvm.dll+0x78c01d]  (no source info available)
V  [jvm.dll+0xa105b3]  (no source info available)
V  [jvm.dll+0xa12dac]  (no source info available)
V  [jvm.dll+0xa134a3]  (no source info available)
V  [jvm.dll+0x308106]  (no source info available)
V  [jvm.dll+0x7beb55]  (no source info available)
V  [jvm.dll+0x7b1ae7]  (no source info available)
V  [jvm.dll+0x40224e]  (no source info available)
V  [jvm.dll+0x40a06b]  (no source info available)
V  [jvm.dll+0x3f68a9]  (no source info available)
V  [jvm.dll+0x3f6b5b]  (no source info available)
V  [jvm.dll+0x3ccb73]  (no source info available)
V  [jvm.dll+0x3cd7de]  (no source info available)
V  [jvm.dll+0x9d6907]  (no source info available)
V  [jvm.dll+0x467992]  (no source info available)
V  [jvm.dll+0x9ba039]  (no source info available)
V  [jvm.dll+0x509dd1]  (no source info available)
V  [jvm.dll+0x50b741]  (no source info available)
C  [jli.dll+0x5422]  (no source info available)
C  [ucrtbase.dll+0x2cd30]  (no source info available)
C  [KERNEL32.DLL+0x2ccb7]  (no source info available)
C  [ntdll.dll+0xaad6c]  (no source info available)

Lock stack of current Java thread (top to bottom):


---------------  P R O C E S S  ---------------

Threads class SMR info:
_java_thread_list=0x00007ffe3a7fc108, length=0, elements={
}

Java Threads: ( => current thread )
Total: 0

Other Threads:
  0x00000226fb530b50 WorkerThread "GC Thread#0"                     [id=34532, stack(0x000000defa600000,0x000000defa700000) (1024K)]
  0x00000226fb54ae50 ConcurrentGCThread "G1 Main Marker"            [id=47108, stack(0x000000defa700000,0x000000defa800000) (1024K)]
  0x00000226fb54bc40 WorkerThread "G1 Conc#0"                       [id=54212, stack(0x000000defa800000,0x000000defa900000) (1024K)]

[error occurred during error reporting (printing all threads), id 0xc0000005, EXCEPTION_ACCESS_VIOLATION (0xc0000005) at pc=0x00007ffe39e1194a]
VM state: not at safepoint (not fully initialized)

VM Mutex/Monitor currently owned by a thread:  ([mutex/lock_event])
[0x00007ffe3a884fb0] Heap_lock - owner thread: 0x00000226e16ba0a0

Heap address: 0x000000040d800000, size: 16168 MB, Compressed Oops mode: Zero based, Oop shift amount: 3

CDS archive(s) mapped at: [0x0000000000000000-0x0000000000000000-0x0000000000000000), size 0, SharedBaseAddress: 0x0000000800000000, ArchiveRelocationMode: 1.
UseCompressedClassPointers 1, UseCompactObjectHeaders 0
Narrow klass pointer bits 32, Max shift 3
Narrow klass base: 0xffffffffffffffff, Narrow klass shift: -1
Encoding Range: [0xffffffffffffffff - 0x000000007fffffff), (2147483648 bytes)
Klass Range:    [0x0000000000000000 - 0x0000000000000000), (0 bytes)
Klass ID Range:  [4294967295 - 0) (1)
No protection zone.

GC Precious Log:
 CardTable entry size: 512
 Card Set container configuration: InlinePtr #cards 4 size 8 Array Of Cards #cards 64 size 144 Howl #buckets 8 coarsen threshold 14745 Howl Bitmap #cards 2048 size 272 coarsen threshold 1843 Card regions per heap region 1 cards per card region 16384

Heap:
 garbage-first heap   total reserved 16556032K, committed 0K, used 0K [0x000000040d800000, 0x0000000800000000)
  region size 8192K, 0 young (0K), 0 survivors (0K)

Heap Regions: E=young(eden), S=young(survivor), O=old, HS=humongous(starts), HC=humongous(continues), CS=collection set, F=free, TAMS=top-at-mark-start, PB=parsable bottom

Card table byte_map: [0x00000226f9440000,0x00000226fb3e0000] _byte_map_base: 0x00000226f73d4000

Marking Bits: (CMBitMap*) 0x00000226e3bdd240
 Bits: [0x0000022680000000, 0x000002268fca0000)

GC Heap Usage History (0 events):
No events

Metaspace Usage History (0 events):
No events

Dll operation events (1 events):
Event: 0.007 Loaded shared library C:\Program Files\JetBrains\WebStorm 2026.2.0.1\jbr\bin\java.dll

Deoptimization events (0 events):
No events

Classes loaded (0 events):
No events

Classes unloaded (0 events):
No events

Classes redefined (0 events):
No events

Internal exceptions (0 events):
No events

VM Operations (0 events):
No events

Memory protections (0 events):
No events

Nmethod flushes (0 events):
No events

Events (0 events):
No events


Dynamic libraries:
0x00007ff6a1c30000 - 0x00007ff6a1c3a000 	C:\Program Files\JetBrains\WebStorm 2026.2.0.1\jbr\bin\java.exe
0x00007ffed3c60000 - 0x00007ffed3ec6000 	C:\WINDOWS\SYSTEM32\ntdll.dll
0x00007ffea56b0000 - 0x00007ffea56d1000 	C:\Program Files\Avast Software\Suite\aswhook.dll
0x00007ffed2590000 - 0x00007ffed2659000 	C:\WINDOWS\System32\KERNEL32.DLL
0x00007ffed1210000 - 0x00007ffed160f000 	C:\WINDOWS\System32\KERNELBASE.dll
0x00007ffed1830000 - 0x00007ffed197c000 	C:\WINDOWS\System32\ucrtbase.dll
0x00007ffec84d0000 - 0x00007ffec84ee000 	C:\Program Files\JetBrains\WebStorm 2026.2.0.1\jbr\bin\VCRUNTIME140.dll
0x00007ffeaf240000 - 0x00007ffeaf257000 	C:\Program Files\JetBrains\WebStorm 2026.2.0.1\jbr\bin\jli.dll
0x00007ffed2ae0000 - 0x00007ffed2ca6000 	C:\WINDOWS\System32\USER32.dll
0x00007ffed1620000 - 0x00007ffed1647000 	C:\WINDOWS\System32\win32u.dll
0x00007ffeafa70000 - 0x00007ffeafd01000 	C:\WINDOWS\WinSxS\amd64_microsoft.windows.common-controls_6595b64144ccf1df_6.0.26100.8972_none_3e0da176e32f9d4b\COMCTL32.dll
0x00007ffed29b0000 - 0x00007ffed29db000 	C:\WINDOWS\System32\GDI32.dll
0x00007ffed3b70000 - 0x00007ffed3c19000 	C:\WINDOWS\System32\msvcrt.dll
0x00007ffed1650000 - 0x00007ffed1779000 	C:\WINDOWS\System32\gdi32full.dll
0x00007ffed1780000 - 0x00007ffed1823000 	C:\WINDOWS\System32\msvcp_win.dll
0x00007ffed3440000 - 0x00007ffed3472000 	C:\WINDOWS\System32\IMM32.DLL
0x00007ffecdc00000 - 0x00007ffecdc0c000 	C:\Program Files\JetBrains\WebStorm 2026.2.0.1\jbr\bin\vcruntime140_1.dll
0x00007ffe8b3a0000 - 0x00007ffe8b429000 	C:\Program Files\JetBrains\WebStorm 2026.2.0.1\jbr\bin\msvcp140.dll
0x00007ffe39a30000 - 0x00007ffe3a985000 	C:\Program Files\JetBrains\WebStorm 2026.2.0.1\jbr\bin\server\jvm.dll
0x00007ffed3480000 - 0x00007ffed353c000 	C:\WINDOWS\System32\ADVAPI32.dll
0x00007ffed1fc0000 - 0x00007ffed2069000 	C:\WINDOWS\System32\sechost.dll
0x00007ffed2280000 - 0x00007ffed2398000 	C:\WINDOWS\System32\RPCRT4.dll
0x00007ffed23a0000 - 0x00007ffed2422000 	C:\WINDOWS\System32\WS2_32.dll
0x00007ffed0b10000 - 0x00007ffed0b6e000 	C:\WINDOWS\SYSTEM32\POWRPROF.dll
0x00007ffec8a70000 - 0x00007ffec8a7b000 	C:\WINDOWS\SYSTEM32\VERSION.dll
0x00007ffec0030000 - 0x00007ffec0066000 	C:\WINDOWS\SYSTEM32\WINMM.dll
0x00007ffed0af0000 - 0x00007ffed0b05000 	C:\WINDOWS\SYSTEM32\UMPDC.dll
0x00007ffecfb20000 - 0x00007ffecfb3b000 	C:\WINDOWS\SYSTEM32\kernel.appcore.dll
0x00007ffecbf50000 - 0x00007ffecbf5a000 	C:\Program Files\JetBrains\WebStorm 2026.2.0.1\jbr\bin\jimage.dll
0x00007ffec1250000 - 0x00007ffec1492000 	C:\WINDOWS\SYSTEM32\DBGHELP.DLL
0x00007ffed3760000 - 0x00007ffed3ae5000 	C:\WINDOWS\System32\combase.dll
0x00007ffed20d0000 - 0x00007ffed21a9000 	C:\WINDOWS\System32\OLEAUT32.dll
0x00007ffebfff0000 - 0x00007ffec002b000 	C:\WINDOWS\SYSTEM32\dbgcore.DLL
0x00007ffed1150000 - 0x00007ffed11fc000 	C:\WINDOWS\System32\bcryptPrimitives.dll
0x00007ffec84b0000 - 0x00007ffec84cf000 	C:\Program Files\JetBrains\WebStorm 2026.2.0.1\jbr\bin\java.dll
0x00007ffed1e20000 - 0x00007ffed1fb9000 	C:\WINDOWS\System32\ole32.dll
0x00007ffed2cb0000 - 0x00007ffed3438000 	C:\WINDOWS\System32\SHELL32.dll

JVMTI agents: none

dbghelp: loaded successfully - version: 4.0.5 - missing functions: none
symbol engine: initialized successfully - sym options: 0x614 - pdb path: .;C:\Program Files\JetBrains\WebStorm 2026.2.0.1\jbr\bin;C:\WINDOWS\SYSTEM32;C:\Program Files\Avast Software\Suite;C:\WINDOWS\WinSxS\amd64_microsoft.windows.common-controls_6595b64144ccf1df_6.0.26100.8972_none_3e0da176e32f9d4b;C:\Program Files\JetBrains\WebStorm 2026.2.0.1\jbr\bin\server

VM Arguments:
java_command: externalApp.nativessh.NativeSshAskPassApp Enter passphrase for key '/c/Users/Matteo Di Rollo/.ssh/id_ed25519': 
java_class_path (initial): C:/Program Files/JetBrains/WebStorm 2026.2.0.1/lib/externalProcess-rt.jar
Launcher Type: SUN_STANDARD

[Global flags]
     intx CICompilerCount                          = 12                                        {product} {ergonomic}
     uint ConcGCThreads                            = 5                                         {product} {ergonomic}
     uint G1ConcRefinementThreads                  = 18                                        {product} {ergonomic}
   size_t G1HeapRegionSize                         = 8388608                                   {product} {ergonomic}
   size_t InitialHeapSize                          = 1065353216                                {product} {ergonomic}
   size_t MarkStackSize                            = 4194304                                   {product} {ergonomic}
   size_t MarkStackSizeMax                         = 536870912                                 {product} {ergonomic}
   size_t MaxHeapSize                              = 16953376768                               {product} {ergonomic}
   size_t MinHeapDeltaBytes                        = 8388608                                   {product} {ergonomic}
   size_t MinHeapSize                              = 8388608                                   {product} {ergonomic}
    uintx NonNMethodCodeHeapSize                   = 7667712                                {pd product} {ergonomic}
    uintx NonProfiledCodeHeapSize                  = 122028032                              {pd product} {ergonomic}
    uintx ProfiledCodeHeapSize                     = 122028032                              {pd product} {ergonomic}
    uintx ReservedCodeCacheSize                    = 251723776                              {pd product} {ergonomic}
     bool SegmentedCodeCache                       = true                                      {product} {ergonomic}
   size_t SoftMaxHeapSize                          = 16953376768                            {manageable} {ergonomic}
     bool UseCompressedOops                        = true                           {product lp64_product} {ergonomic}
     bool UseG1GC                                  = true                                      {product} {ergonomic}
     bool UseLargePagesIndividualAllocation        = false                                  {pd product} {ergonomic}

Logging:
Log output configuration:
 #0: stdout all=warning uptime,level,tags foldmultilines=false
 #1: stderr all=off uptime,level,tags foldmultilines=false

Release file:
<release file has not been read>
Environment Variables:
JAVA_HOME=C:\Program Files\Eclipse Adoptium\jdk-17.0.16.8-hotspot\
PATH=C:\Program Files\Git\mingw64\libexec\git-core;C:\Program Files\Git\mingw64\bin;C:\Program Files\Git\usr\bin;C:\Users\Matteo Di Rollo\bin;C:\Program Files\Python310\Scripts;C:\Program Files\Python310;C:\Program Files\Eclipse Adoptium\jdk-17.0.16.8-hotspot\bin;%PATH%;C:\Program Files\Blender Foundation\Blender 4.5;C:\Program Files\Git\cmd;C:\Windows\System32\WindowsPowerShell\v1.0;C:\Program Files\Docker\Docker\resources\bin;C:\Program Files\dotnet;C:\Program Files\NVIDIA Corporation\NVIDIA App\NvDLISR;C:\Android\sdk\cmdline-tools\latest\bin;C:\Windows\System32;C:\Android\sdk\platform-tools;C:\Program Files (x86)\cloudflared;C:\Program Files\PowerShell\7;C:\Users\Matteo Di Rollo\AppData\Local\fnm_multishells\30116_1785510815206;C:\Program Files\WindowsApps\Microsoft.PowerShell_7.6.4.0_x64__8wekyb3d8bbwe;C:\Program Files\Python310\Scripts;C:\Program Files\Python310;C:\Program Files\Eclipse Adoptium\jdk-17.0.16.8-hotspot\bin;C:\Program Files\Python310\Scripts;C:\Program Files\Python310;C:\Program Files\Eclipse Adoptium\jdk-17.0.16.8-hotspot\bin;%PATH%;C:\Program Files\Blender Foundation\Blender 4.5;C:\Program Files\Git\cmd;C:\Windows\System32\WindowsPowerShell\v1.0;C:\Program Files\Docker\Docker\resources\bin;C:\Program Files\dotnet;C:\Program Files\NVIDIA Corporation\NVIDIA App\NvDLISR;C:\Android\sdk\cmdline-tools\latest\bin;C:\Windows\System32;C:\Android\sdk\platform-tools;C:\Program Files (x86)\cloudflared;C:\Program Files\PowerShell\7;C:\Program Files\Blender Foundation\Blender 4.5;C:\Program Files\Git\cmd;C:\Windows\System32\WindowsPowerShell\v1.0;C:\Program Files\Docker\Docker\resources\bin;C:\Program Files\dotnet;C:\Program Files\NVIDIA Corporation\NVIDIA App\NvDLISR;C:\Android\sdk\cmdline-tools\latest\bin;C:\Windows\System32;C:\Android\sdk\platform-tools;C:\Program Files (x86)\cloudflared;C:\Program Files\PowerShell\7;C:\rtools40\usr\bin;C:\Users\Matteo Di Rollo\.local\bin;C:\Users\Matteo Di Rollo\AppData\Local\Programs\Python\Python314\Scripts;C:\Users\Matteo Di Rollo\AppData\Local\Programs\Python\Python314;C:\Users\Matteo Di Rollo\AppData\Local\Programs\Python\Launcher;C:\Program Files\Git\cmd;C:\Users\Matteo Di Rollo\AppData\Local\pnpm;C:\Users\Matteo Di Rollo\AppData\Local\Programs\oh-my-posh\bin;C:\Users\Matteo Di Rollo\AppData\Local\Microsoft\WindowsApps;C:\Users\Matteo Di Rollo\AppData\Local\Microsoft\WinGet\Packages\Gyan.FFmpeg_Microsoft.Winget.Source_8wekyb3d8bbwe\ffmpeg-7.1-full_build\bin;C:\Users\Matteo Di Rollo\AppData\Local\Programs\Microsoft VS Code\bin;C:\Users\Matteo Di Rollo\AppData\Local\Microsoft\WinGet\Links;C:\Program Files\JetBrains\WebStorm 2025.2.3\bin;C:\Program Files (x86)\stripe_1.33.0_windows_x86_64;C:\Users\Matteo Di Rollo\.local\bin\aider.exe;C:\Tor\tor;C:\Users\Matteo Di Rollo\AppData\Roaming\Python\Python310\Scripts;C:\Program Files (x86)\Nmap;C:\Windows\System32\OpenSSH;C:\Program Files\JetBrains\WebStorm 2026.2.0.1\bin
USERNAME=Matteo
DISPLAY=:0.0
LC_ALL=en_US.UTF-8
TERM=xterm-256color
TMPDIR=C:\Users\MATTEO~1\AppData\Local\Temp
OS=Windows_NT
PROCESSOR_IDENTIFIER=AMD64 Family 25 Model 97 Stepping 2, AuthenticAMD
TMP=C:\Users\MATTEO~1\AppData\Local\Temp
TEMP=C:\Users\MATTEO~1\AppData\Local\Temp




Compilation memory statistics disabled.

Periodic native trim disabled

JNI global refs:
JNI global refs: 0, weak refs: 0

JNI global refs memory usage: 0, weak refs: 0

Process memory usage:
Resident Set Size: 15748K (0% of 66212536K total physical memory with 18389036K free physical memory)

OOME stack traces (most recent first):
Classloader memory used:

---------------  S Y S T E M  ---------------

OS:
 Windows 11 , 64 bit Build 26100 (10.0.26100.8972)
OS uptime: 0 days 6:57 hours
Hyper-V role detected

CPU: total 24 (initial active 24) (24 cores per cpu, 2 threads per core) family 25 model 97 stepping 2 microcode 0xa601203, cx8, cmov, fxsr, ht, mmx, 3dnowpref, sse, sse2, sse3, ssse3, sse4a, sse4.1, sse4.2, popcnt, lzcnt, tsc, tscinvbit, avx, avx2, aes, erms, clmul, bmi1, bmi2, adx, avx512f, avx512dq, avx512cd, avx512bw, avx512vl, sha, fma, vzeroupper, avx512_vpopcntdq, avx512_vpclmulqdq, avx512_vaes, avx512_vnni, clflush, clflushopt, clwb, avx512_vbmi2, avx512_vbmi, hv, rdtscp, rdpid, fsrm, gfni, avx512_bitalg, f16c, cet_ss, avx512_ifma
Processor Information for the first 24 processors :
  Max Mhz: 4701, Current Mhz: 4701, Mhz Limit: 4701

Memory: 4k page, system-wide physical 64660M (17957M free)
TotalPageFile size 183789M (AvailPageFile size 244M)
current process WorkingSet (physical memory assigned to process): 15M, peak: 15M
current process commit charge ("private bytes"): 82M, peak: 1098M

vm_info: OpenJDK 64-Bit Server VM (25.0.3+9-b508.16) for windows-amd64 JRE (25.0.3+9-b508.16), built on 2026-06-22 with MS VC++ 17.14 (VS2022)

END.
